[2021-01-11T21:00:17.478+0500][gc] Using G1
[2021-01-11T21:00:17.485+0500][gc,init] Version: 15.0.1+9-18 (release)
[2021-01-11T21:00:17.485+0500][gc,init] CPUs: 8 total, 8 available
[2021-01-11T21:00:17.485+0500][gc,init] Memory: 16384M
[2021-01-11T21:00:17.485+0500][gc,init] Large Page Support: Disabled
[2021-01-11T21:00:17.485+0500][gc,init] NUMA Support: Disabled
[2021-01-11T21:00:17.485+0500][gc,init] Compressed Oops: Enabled (Zero based)
[2021-01-11T21:00:17.485+0500][gc,init] Heap Region Size: 1M
[2021-01-11T21:00:17.485+0500][gc,init] Heap Min Capacity: 1G
[2021-01-11T21:00:17.485+0500][gc,init] Heap Initial Capacity: 1G
[2021-01-11T21:00:17.485+0500][gc,init] Heap Max Capacity: 1G
[2021-01-11T21:00:17.485+0500][gc,init] Pre-touch: Disabled
[2021-01-11T21:00:17.485+0500][gc,init] Parallel Workers: 8
[2021-01-11T21:00:17.485+0500][gc,init] Concurrent Workers: 2
[2021-01-11T21:00:17.485+0500][gc,init] Concurrent Refinement Workers: 8
[2021-01-11T21:00:17.485+0500][gc,init] Periodic GC: Disabled
[2021-01-11T21:00:17.485+0500][gc,cds ] Mark closed archive regions in map: [0x00000007fff00000, 0x00000007fff78ff8]
[2021-01-11T21:00:17.485+0500][gc,cds ] Mark open archive regions in map: [0x00000007ffe00000, 0x00000007ffe50ff8]
[2021-01-11T21:00:17.485+0500][gc,metaspace] CDS archive(s) mapped at: [0x0000000800000000-0x0000000800b2c000-0x0000000800b2c000), size 11714560, SharedBaseAddress: 0x0000000800000000, ArchiveRelocationMode: 0.
[2021-01-11T21:00:17.485+0500][gc,metaspace] Compressed class space mapped at: 0x0000000800b2c000-0x0000000840b2c000, size: 1073741824
[2021-01-11T21:00:17.485+0500][gc,metaspace] Narrow klass base: 0x0000000800000000, Narrow klass shift: 3, Narrow klass range: 0x100000000
[2021-01-11T21:00:19.374+0500][gc,start    ] GC(0) Pause Young (Normal) (G1 Evacuation Pause)
[2021-01-11T21:00:19.375+0500][gc,task     ] GC(0) Using 8 workers of 8 for evacuation
[2021-01-11T21:00:19.381+0500][gc,phases   ] GC(0)   Pre Evacuate Collection Set: 0.1ms
[2021-01-11T21:00:19.381+0500][gc,phases   ] GC(0)   Merge Heap Roots: 0.1ms
[2021-01-11T21:00:19.381+0500][gc,phases   ] GC(0)   Evacuate Collection Set: 4.9ms
[2021-01-11T21:00:19.381+0500][gc,phases   ] GC(0)   Post Evacuate Collection Set: 0.7ms
[2021-01-11T21:00:19.381+0500][gc,phases   ] GC(0)   Other: 1.1ms
[2021-01-11T21:00:19.381+0500][gc,heap     ] GC(0) Eden regions: 51->0(44)
[2021-01-11T21:00:19.381+0500][gc,heap     ] GC(0) Survivor regions: 0->7(7)
[2021-01-11T21:00:19.381+0500][gc,heap     ] GC(0) Old regions: 0->0
[2021-01-11T21:00:19.381+0500][gc,heap     ] GC(0) Archive regions: 2->2
[2021-01-11T21:00:19.381+0500][gc,heap     ] GC(0) Humongous regions: 0->0
[2021-01-11T21:00:19.381+0500][gc,metaspace] GC(0) Metaspace: 19072K(19840K)->19072K(19840K) NonClass: 16786K(17408K)->16786K(17408K) Class: 2285K(2432K)->2285K(2432K)
[2021-01-11T21:00:19.381+0500][gc          ] GC(0) Pause Young (Normal) (G1 Evacuation Pause) 51M->7M(1024M) 7.106ms
[2021-01-11T21:00:19.381+0500][gc,cpu      ] GC(0) User=0.02s Sys=0.01s Real=0.01s
[2021-01-11T21:00:19.515+0500][gc,start    ] GC(1) Pause Young (Concurrent Start) (Metadata GC Threshold)
[2021-01-11T21:00:19.515+0500][gc,task     ] GC(1) Using 8 workers of 8 for evacuation
[2021-01-11T21:00:19.520+0500][gc,phases   ] GC(1)   Pre Evacuate Collection Set: 0.1ms
[2021-01-11T21:00:19.520+0500][gc,phases   ] GC(1)   Merge Heap Roots: 0.0ms
[2021-01-11T21:00:19.520+0500][gc,phases   ] GC(1)   Evacuate Collection Set: 4.2ms
[2021-01-11T21:00:19.520+0500][gc,phases   ] GC(1)   Post Evacuate Collection Set: 0.3ms
[2021-01-11T21:00:19.520+0500][gc,phases   ] GC(1)   Other: 0.2ms
[2021-01-11T21:00:19.520+0500][gc,heap     ] GC(1) Eden regions: 7->0(50)
[2021-01-11T21:00:19.520+0500][gc,heap     ] GC(1) Survivor regions: 7->1(7)
[2021-01-11T21:00:19.520+0500][gc,heap     ] GC(1) Old regions: 0->7
[2021-01-11T21:00:19.520+0500][gc,heap     ] GC(1) Archive regions: 2->2
[2021-01-11T21:00:19.520+0500][gc,heap     ] GC(1) Humongous regions: 0->0
[2021-01-11T21:00:19.520+0500][gc,metaspace] GC(1) Metaspace: 20649K(21248K)->20649K(21248K) NonClass: 18183K(18688K)->18183K(18688K) Class: 2466K(2560K)->2466K(2560K)
[2021-01-11T21:00:19.521+0500][gc          ] GC(1) Pause Young (Concurrent Start) (Metadata GC Threshold) 14M->8M(1024M) 5.060ms
[2021-01-11T21:00:19.521+0500][gc,cpu      ] GC(1) User=0.02s Sys=0.01s Real=0.01s
[2021-01-11T21:00:19.521+0500][gc          ] GC(2) Concurrent Cycle
[2021-01-11T21:00:19.521+0500][gc,marking  ] GC(2) Concurrent Clear Claimed Marks
[2021-01-11T21:00:19.521+0500][gc,marking  ] GC(2) Concurrent Clear Claimed Marks 0.015ms
[2021-01-11T21:00:19.521+0500][gc,marking  ] GC(2) Concurrent Scan Root Regions
[2021-01-11T21:00:19.523+0500][gc,marking  ] GC(2) Concurrent Scan Root Regions 2.040ms
[2021-01-11T21:00:19.523+0500][gc,marking  ] GC(2) Concurrent Mark (2.052s)
[2021-01-11T21:00:19.523+0500][gc,marking  ] GC(2) Concurrent Mark From Roots
[2021-01-11T21:00:19.523+0500][gc,task     ] GC(2) Using 2 workers of 2 for marking
[2021-01-11T21:00:19.524+0500][gc,marking  ] GC(2) Concurrent Mark From Roots 0.999ms
[2021-01-11T21:00:19.524+0500][gc,marking  ] GC(2) Concurrent Preclean
[2021-01-11T21:00:19.524+0500][gc,marking  ] GC(2) Concurrent Preclean 0.040ms
[2021-01-11T21:00:19.524+0500][gc,marking  ] GC(2) Concurrent Mark (2.052s, 2.053s) 1.078ms
[2021-01-11T21:00:19.524+0500][gc,start    ] GC(2) Pause Remark
[2021-01-11T21:00:19.525+0500][gc          ] GC(2) Pause Remark 8M->8M(1024M) 0.690ms
[2021-01-11T21:00:19.525+0500][gc,cpu      ] GC(2) User=0.01s Sys=0.00s Real=0.00s
[2021-01-11T21:00:19.525+0500][gc,marking  ] GC(2) Concurrent Rebuild Remembered Sets
[2021-01-11T21:00:19.527+0500][gc,marking  ] GC(2) Concurrent Rebuild Remembered Sets 1.822ms
[2021-01-11T21:00:19.527+0500][gc,start    ] GC(2) Pause Cleanup
[2021-01-11T21:00:19.527+0500][gc          ] GC(2) Pause Cleanup 9M->9M(1024M) 0.131ms
[2021-01-11T21:00:19.527+0500][gc,cpu      ] GC(2) User=0.00s Sys=0.00s Real=0.00s
[2021-01-11T21:00:19.527+0500][gc,marking  ] GC(2) Concurrent Cleanup for Next Mark
[2021-01-11T21:00:19.533+0500][gc,marking  ] GC(2) Concurrent Cleanup for Next Mark 5.528ms
[2021-01-11T21:00:19.533+0500][gc          ] GC(2) Concurrent Cycle 12.270ms
[2021-01-11T21:00:20.585+0500][gc,start    ] GC(3) Pause Young (Normal) (G1 Evacuation Pause)
[2021-01-11T21:00:20.585+0500][gc,task     ] GC(3) Using 8 workers of 8 for evacuation
[2021-01-11T21:00:20.588+0500][gc,phases   ] GC(3)   Pre Evacuate Collection Set: 0.1ms
[2021-01-11T21:00:20.588+0500][gc,phases   ] GC(3)   Merge Heap Roots: 0.0ms
[2021-01-11T21:00:20.588+0500][gc,phases   ] GC(3)   Evacuate Collection Set: 2.4ms
[2021-01-11T21:00:20.588+0500][gc,phases   ] GC(3)   Post Evacuate Collection Set: 0.3ms
[2021-01-11T21:00:20.588+0500][gc,phases   ] GC(3)   Other: 0.1ms
[2021-01-11T21:00:20.588+0500][gc,heap     ] GC(3) Eden regions: 50->0(46)
[2021-01-11T21:00:20.588+0500][gc,heap     ] GC(3) Survivor regions: 1->5(7)
[2021-01-11T21:00:20.588+0500][gc,heap     ] GC(3) Old regions: 7->7
[2021-01-11T21:00:20.588+0500][gc,heap     ] GC(3) Archive regions: 2->2
[2021-01-11T21:00:20.588+0500][gc,heap     ] GC(3) Humongous regions: 129->129
[2021-01-11T21:00:20.588+0500][gc,metaspace] GC(3) Metaspace: 30836K(31996K)->30836K(31996K) NonClass: 27469K(28416K)->27469K(28416K) Class: 3367K(3580K)->3367K(3580K)
[2021-01-11T21:00:20.588+0500][gc          ] GC(3) Pause Young (Normal) (G1 Evacuation Pause) 187M->141M(1024M) 3.048ms
[2021-01-11T21:00:20.588+0500][gc,cpu      ] GC(3) User=0.03s Sys=0.00s Real=0.00s
[2021-01-11T21:00:20.828+0500][gc,start    ] GC(4) Pause Young (Concurrent Start) (Metadata GC Threshold)
[2021-01-11T21:00:20.828+0500][gc,task     ] GC(4) Using 8 workers of 8 for evacuation
[2021-01-11T21:00:20.833+0500][gc,phases   ] GC(4)   Pre Evacuate Collection Set: 0.2ms
[2021-01-11T21:00:20.833+0500][gc,phases   ] GC(4)   Merge Heap Roots: 0.1ms
[2021-01-11T21:00:20.833+0500][gc,phases   ] GC(4)   Evacuate Collection Set: 4.5ms
[2021-01-11T21:00:20.833+0500][gc,phases   ] GC(4)   Post Evacuate Collection Set: 0.6ms
[2021-01-11T21:00:20.833+0500][gc,phases   ] GC(4)   Other: 0.4ms
[2021-01-11T21:00:20.833+0500][gc,heap     ] GC(4) Eden regions: 18->0(49)
[2021-01-11T21:00:20.833+0500][gc,heap     ] GC(4) Survivor regions: 5->2(7)
[2021-01-11T21:00:20.833+0500][gc,heap     ] GC(4) Old regions: 7->12
[2021-01-11T21:00:20.833+0500][gc,heap     ] GC(4) Archive regions: 2->2
[2021-01-11T21:00:20.833+0500][gc,heap     ] GC(4) Humongous regions: 129->129
[2021-01-11T21:00:20.833+0500][gc,metaspace] GC(4) Metaspace: 34864K(35964K)->34864K(35964K) NonClass: 31088K(32000K)->31088K(32000K) Class: 3775K(3964K)->3775K(3964K)
[2021-01-11T21:00:20.834+0500][gc          ] GC(4) Pause Young (Concurrent Start) (Metadata GC Threshold) 158M->142M(1024M) 5.909ms
[2021-01-11T21:00:20.834+0500][gc,cpu      ] GC(4) User=0.03s Sys=0.01s Real=0.01s
[2021-01-11T21:00:20.834+0500][gc          ] GC(5) Concurrent Cycle
[2021-01-11T21:00:20.834+0500][gc,marking  ] GC(5) Concurrent Clear Claimed Marks
[2021-01-11T21:00:20.834+0500][gc,marking  ] GC(5) Concurrent Clear Claimed Marks 0.049ms
[2021-01-11T21:00:20.834+0500][gc,marking  ] GC(5) Concurrent Scan Root Regions
[2021-01-11T21:00:20.837+0500][gc,marking  ] GC(5) Concurrent Scan Root Regions 3.624ms
[2021-01-11T21:00:20.837+0500][gc,marking  ] GC(5) Concurrent Mark (3.366s)
[2021-01-11T21:00:20.838+0500][gc,marking  ] GC(5) Concurrent Mark From Roots
[2021-01-11T21:00:20.838+0500][gc,task     ] GC(5) Using 2 workers of 2 for marking
[2021-01-11T21:00:20.844+0500][gc,marking  ] GC(5) Concurrent Mark From Roots 6.580ms
[2021-01-11T21:00:20.844+0500][gc,marking  ] GC(5) Concurrent Preclean
[2021-01-11T21:00:20.844+0500][gc,marking  ] GC(5) Concurrent Preclean 0.090ms
[2021-01-11T21:00:20.844+0500][gc,marking  ] GC(5) Concurrent Mark (3.366s, 3.373s) 6.775ms
[2021-01-11T21:00:20.844+0500][gc,start    ] GC(5) Pause Remark
[2021-01-11T21:00:20.846+0500][gc          ] GC(5) Pause Remark 144M->144M(1024M) 1.439ms
[2021-01-11T21:00:20.846+0500][gc,cpu      ] GC(5) User=0.01s Sys=0.00s Real=0.00s
[2021-01-11T21:00:20.846+0500][gc,marking  ] GC(5) Concurrent Rebuild Remembered Sets
[2021-01-11T21:00:20.853+0500][gc,marking  ] GC(5) Concurrent Rebuild Remembered Sets 6.608ms
[2021-01-11T21:00:20.853+0500][gc,start    ] GC(5) Pause Cleanup
[2021-01-11T21:00:20.853+0500][gc          ] GC(5) Pause Cleanup 144M->144M(1024M) 0.143ms
[2021-01-11T21:00:20.853+0500][gc,cpu      ] GC(5) User=0.00s Sys=0.00s Real=0.00s
[2021-01-11T21:00:20.853+0500][gc,marking  ] GC(5) Concurrent Cleanup for Next Mark
[2021-01-11T21:00:20.859+0500][gc,marking  ] GC(5) Concurrent Cleanup for Next Mark 5.637ms
[2021-01-11T21:00:20.859+0500][gc          ] GC(5) Concurrent Cycle 25.390ms
[2021-01-11T21:18:31.018+0500][gc,start    ] GC(6) Pause Young (Normal) (G1 Evacuation Pause)
[2021-01-11T21:18:31.018+0500][gc,task     ] GC(6) Using 8 workers of 8 for evacuation
[2021-01-11T21:18:31.021+0500][gc,phases   ] GC(6)   Pre Evacuate Collection Set: 0.1ms
[2021-01-11T21:18:31.021+0500][gc,phases   ] GC(6)   Merge Heap Roots: 0.1ms
[2021-01-11T21:18:31.021+0500][gc,phases   ] GC(6)   Evacuate Collection Set: 2.6ms
[2021-01-11T21:18:31.021+0500][gc,phases   ] GC(6)   Post Evacuate Collection Set: 0.4ms
[2021-01-11T21:18:31.021+0500][gc,phases   ] GC(6)   Other: 0.2ms
[2021-01-11T21:18:31.021+0500][gc,heap     ] GC(6) Eden regions: 49->0(48)
[2021-01-11T21:18:31.021+0500][gc,heap     ] GC(6) Survivor regions: 2->3(7)
[2021-01-11T21:18:31.021+0500][gc,heap     ] GC(6) Old regions: 12->12
[2021-01-11T21:18:31.021+0500][gc,heap     ] GC(6) Archive regions: 2->2
[2021-01-11T21:18:31.021+0500][gc,heap     ] GC(6) Humongous regions: 135->129
[2021-01-11T21:18:31.021+0500][gc,metaspace] GC(6) Metaspace: 37792K(38908K)->37792K(38908K) NonClass: 33629K(34560K)->33629K(34560K) Class: 4163K(4348K)->4163K(4348K)
[2021-01-11T21:18:31.021+0500][gc          ] GC(6) Pause Young (Normal) (G1 Evacuation Pause) 197M->143M(1024M) 3.714ms
[2021-01-11T21:18:31.021+0500][gc,cpu      ] GC(6) User=0.02s Sys=0.00s Real=0.01s
[2021-01-11T21:52:30.377+0500][gc,start    ] GC(7) Pause Young (Normal) (G1 Evacuation Pause)
[2021-01-11T21:52:30.377+0500][gc,task     ] GC(7) Using 8 workers of 8 for evacuation
[2021-01-11T21:52:30.383+0500][gc,phases   ] GC(7)   Pre Evacuate Collection Set: 2.4ms
[2021-01-11T21:52:30.383+0500][gc,phases   ] GC(7)   Merge Heap Roots: 0.1ms
[2021-01-11T21:52:30.383+0500][gc,phases   ] GC(7)   Evacuate Collection Set: 2.4ms
[2021-01-11T21:52:30.383+0500][gc,phases   ] GC(7)   Post Evacuate Collection Set: 0.7ms
[2021-01-11T21:52:30.383+0500][gc,phases   ] GC(7)   Other: 0.5ms
[2021-01-11T21:52:30.383+0500][gc,heap     ] GC(7) Eden regions: 48->0(48)
[2021-01-11T21:52:30.383+0500][gc,heap     ] GC(7) Survivor regions: 3->3(7)
[2021-01-11T21:52:30.383+0500][gc,heap     ] GC(7) Old regions: 12->12
[2021-01-11T21:52:30.383+0500][gc,heap     ] GC(7) Archive regions: 2->2
[2021-01-11T21:52:30.383+0500][gc,heap     ] GC(7) Humongous regions: 129->129
[2021-01-11T21:52:30.383+0500][gc,metaspace] GC(7) Metaspace: 37960K(39164K)->37960K(39164K) NonClass: 33796K(34816K)->33796K(34816K) Class: 4163K(4348K)->4163K(4348K)
[2021-01-11T21:52:30.383+0500][gc          ] GC(7) Pause Young (Normal) (G1 Evacuation Pause) 191M->143M(1024M) 6.031ms
[2021-01-11T21:52:30.383+0500][gc,cpu      ] GC(7) User=0.01s Sys=0.02s Real=0.01s
[2021-01-11T22:16:15.242+0500][gc,start    ] GC(8) Pause Young (Normal) (G1 Evacuation Pause)
[2021-01-11T22:16:15.248+0500][gc,task     ] GC(8) Using 8 workers of 8 for evacuation
[2021-01-11T22:16:15.255+0500][gc,phases   ] GC(8)   Pre Evacuate Collection Set: 0.1ms
[2021-01-11T22:16:15.255+0500][gc,phases   ] GC(8)   Merge Heap Roots: 0.1ms
[2021-01-11T22:16:15.255+0500][gc,phases   ] GC(8)   Evacuate Collection Set: 5.9ms
[2021-01-11T22:16:15.255+0500][gc,phases   ] GC(8)   Post Evacuate Collection Set: 0.6ms
[2021-01-11T22:16:15.255+0500][gc,phases   ] GC(8)   Other: 5.7ms
[2021-01-11T22:16:15.255+0500][gc,heap     ] GC(8) Eden regions: 48->0(46)
[2021-01-11T22:16:15.255+0500][gc,heap     ] GC(8) Survivor regions: 3->5(7)
[2021-01-11T22:16:15.255+0500][gc,heap     ] GC(8) Old regions: 12->12
[2021-01-11T22:16:15.255+0500][gc,heap     ] GC(8) Archive regions: 2->2
[2021-01-11T22:16:15.255+0500][gc,heap     ] GC(8) Humongous regions: 129->129
[2021-01-11T22:16:15.255+0500][gc,metaspace] GC(8) Metaspace: 39236K(40572K)->39236K(40572K) NonClass: 34976K(36096K)->34976K(36096K) Class: 4259K(4476K)->4259K(4476K)
[2021-01-11T22:16:15.255+0500][gc          ] GC(8) Pause Young (Normal) (G1 Evacuation Pause) 191M->145M(1024M) 12.681ms
[2021-01-11T22:16:15.255+0500][gc,cpu      ] GC(8) User=0.02s Sys=0.02s Real=0.01s
[2021-01-11T22:30:51.025+0500][gc,start    ] GC(9) Pause Young (Normal) (G1 Evacuation Pause)
[2021-01-11T22:30:51.030+0500][gc,task     ] GC(9) Using 8 workers of 8 for evacuation
[2021-01-11T22:30:51.034+0500][gc,phases   ] GC(9)   Pre Evacuate Collection Set: 0.1ms
[2021-01-11T22:30:51.034+0500][gc,phases   ] GC(9)   Merge Heap Roots: 0.1ms
[2021-01-11T22:30:51.034+0500][gc,phases   ] GC(9)   Evacuate Collection Set: 3.3ms
[2021-01-11T22:30:51.034+0500][gc,phases   ] GC(9)   Post Evacuate Collection Set: 0.4ms
[2021-01-11T22:30:51.034+0500][gc,phases   ] GC(9)   Other: 5.5ms
[2021-01-11T22:30:51.034+0500][gc,heap     ] GC(9) Eden regions: 46->0(85)
[2021-01-11T22:30:51.034+0500][gc,heap     ] GC(9) Survivor regions: 5->4(7)
[2021-01-11T22:30:51.034+0500][gc,heap     ] GC(9) Old regions: 12->13
[2021-01-11T22:30:51.034+0500][gc,heap     ] GC(9) Archive regions: 2->2
[2021-01-11T22:30:51.034+0500][gc,heap     ] GC(9) Humongous regions: 129->129
[2021-01-11T22:30:51.034+0500][gc,metaspace] GC(9) Metaspace: 39313K(40572K)->39313K(40572K) NonClass: 35052K(36096K)->35052K(36096K) Class: 4261K(4476K)->4261K(4476K)
[2021-01-11T22:30:51.034+0500][gc          ] GC(9) Pause Young (Normal) (G1 Evacuation Pause) 191M->145M(1024M) 9.599ms
[2021-01-11T22:30:51.034+0500][gc,cpu      ] GC(9) User=0.02s Sys=0.00s Real=0.01s
[2021-01-11T22:40:41.546+0500][gc,heap,exit] Heap
[2021-01-11T22:40:41.551+0500][gc,heap,exit]  garbage-first heap   total 1048576K, used 173324K [0x00000007c0000000, 0x0000000800000000)
[2021-01-11T22:40:41.552+0500][gc,heap,exit]   region size 1024K, 29 young (29696K), 4 survivors (4096K)
[2021-01-11T22:40:41.552+0500][gc,heap,exit]  Metaspace       used 39984K, capacity 40455K, committed 41212K, reserved 1085440K
[2021-01-11T22:40:41.552+0500][gc,heap,exit]   class space    used 4391K, capacity 4567K, committed 4604K, reserved 1048576K
