[2021-01-11T22:40:43.665+0500][gc] Using G1
[2021-01-11T22:40:43.674+0500][gc,init] Version: 15.0.1+9-18 (release)
[2021-01-11T22:40:43.674+0500][gc,init] CPUs: 8 total, 8 available
[2021-01-11T22:40:43.674+0500][gc,init] Memory: 16384M
[2021-01-11T22:40:43.674+0500][gc,init] Large Page Support: Disabled
[2021-01-11T22:40:43.674+0500][gc,init] NUMA Support: Disabled
[2021-01-11T22:40:43.674+0500][gc,init] Compressed Oops: Enabled (Zero based)
[2021-01-11T22:40:43.674+0500][gc,init] Heap Region Size: 1M
[2021-01-11T22:40:43.674+0500][gc,init] Heap Min Capacity: 1G
[2021-01-11T22:40:43.674+0500][gc,init] Heap Initial Capacity: 1G
[2021-01-11T22:40:43.674+0500][gc,init] Heap Max Capacity: 1G
[2021-01-11T22:40:43.674+0500][gc,init] Pre-touch: Disabled
[2021-01-11T22:40:43.674+0500][gc,init] Parallel Workers: 8
[2021-01-11T22:40:43.674+0500][gc,init] Concurrent Workers: 2
[2021-01-11T22:40:43.674+0500][gc,init] Concurrent Refinement Workers: 8
[2021-01-11T22:40:43.674+0500][gc,init] Periodic GC: Disabled
[2021-01-11T22:40:43.675+0500][gc,cds ] Mark closed archive regions in map: [0x00000007fff00000, 0x00000007fff78ff8]
[2021-01-11T22:40:43.675+0500][gc,cds ] Mark open archive regions in map: [0x00000007ffe00000, 0x00000007ffe50ff8]
[2021-01-11T22:40:43.675+0500][gc,metaspace] CDS archive(s) mapped at: [0x0000000800000000-0x0000000800b2c000-0x0000000800b2c000), size 11714560, SharedBaseAddress: 0x0000000800000000, ArchiveRelocationMode: 0.
[2021-01-11T22:40:43.675+0500][gc,metaspace] Compressed class space mapped at: 0x0000000800b2c000-0x0000000840b2c000, size: 1073741824
[2021-01-11T22:40:43.675+0500][gc,metaspace] Narrow klass base: 0x0000000800000000, Narrow klass shift: 3, Narrow klass range: 0x100000000
[2021-01-11T22:40:44.875+0500][gc,start    ] GC(0) Pause Young (Normal) (G1 Evacuation Pause)
[2021-01-11T22:40:44.876+0500][gc,task     ] GC(0) Using 8 workers of 8 for evacuation
[2021-01-11T22:40:44.881+0500][gc,phases   ] GC(0)   Pre Evacuate Collection Set: 0.1ms
[2021-01-11T22:40:44.881+0500][gc,phases   ] GC(0)   Merge Heap Roots: 0.1ms
[2021-01-11T22:40:44.881+0500][gc,phases   ] GC(0)   Evacuate Collection Set: 3.9ms
[2021-01-11T22:40:44.881+0500][gc,phases   ] GC(0)   Post Evacuate Collection Set: 0.7ms
[2021-01-11T22:40:44.881+0500][gc,phases   ] GC(0)   Other: 1.2ms
[2021-01-11T22:40:44.881+0500][gc,heap     ] GC(0) Eden regions: 51->0(44)
[2021-01-11T22:40:44.881+0500][gc,heap     ] GC(0) Survivor regions: 0->7(7)
[2021-01-11T22:40:44.881+0500][gc,heap     ] GC(0) Old regions: 0->0
[2021-01-11T22:40:44.881+0500][gc,heap     ] GC(0) Archive regions: 2->2
[2021-01-11T22:40:44.881+0500][gc,heap     ] GC(0) Humongous regions: 0->0
[2021-01-11T22:40:44.881+0500][gc,metaspace] GC(0) Metaspace: 19076K(19840K)->19076K(19840K) NonClass: 16790K(17408K)->16790K(17408K) Class: 2285K(2432K)->2285K(2432K)
[2021-01-11T22:40:44.881+0500][gc          ] GC(0) Pause Young (Normal) (G1 Evacuation Pause) 51M->7M(1024M) 6.149ms
[2021-01-11T22:40:44.881+0500][gc,cpu      ] GC(0) User=0.02s Sys=0.00s Real=0.01s
[2021-01-11T22:40:45.004+0500][gc,start    ] GC(1) Pause Young (Concurrent Start) (Metadata GC Threshold)
[2021-01-11T22:40:45.004+0500][gc,task     ] GC(1) Using 8 workers of 8 for evacuation
[2021-01-11T22:40:45.009+0500][gc,phases   ] GC(1)   Pre Evacuate Collection Set: 0.1ms
[2021-01-11T22:40:45.009+0500][gc,phases   ] GC(1)   Merge Heap Roots: 0.0ms
[2021-01-11T22:40:45.009+0500][gc,phases   ] GC(1)   Evacuate Collection Set: 4.0ms
[2021-01-11T22:40:45.009+0500][gc,phases   ] GC(1)   Post Evacuate Collection Set: 0.3ms
[2021-01-11T22:40:45.009+0500][gc,phases   ] GC(1)   Other: 0.2ms
[2021-01-11T22:40:45.009+0500][gc,heap     ] GC(1) Eden regions: 7->0(50)
[2021-01-11T22:40:45.009+0500][gc,heap     ] GC(1) Survivor regions: 7->1(7)
[2021-01-11T22:40:45.009+0500][gc,heap     ] GC(1) Old regions: 0->7
[2021-01-11T22:40:45.009+0500][gc,heap     ] GC(1) Archive regions: 2->2
[2021-01-11T22:40:45.009+0500][gc,heap     ] GC(1) Humongous regions: 0->0
[2021-01-11T22:40:45.009+0500][gc,metaspace] GC(1) Metaspace: 20649K(21248K)->20649K(21248K) NonClass: 18182K(18688K)->18182K(18688K) Class: 2467K(2560K)->2467K(2560K)
[2021-01-11T22:40:45.009+0500][gc          ] GC(1) Pause Young (Concurrent Start) (Metadata GC Threshold) 14M->8M(1024M) 4.837ms
[2021-01-11T22:40:45.009+0500][gc,cpu      ] GC(1) User=0.02s Sys=0.01s Real=0.00s
[2021-01-11T22:40:45.009+0500][gc          ] GC(2) Concurrent Cycle
[2021-01-11T22:40:45.009+0500][gc,marking  ] GC(2) Concurrent Clear Claimed Marks
[2021-01-11T22:40:45.009+0500][gc,marking  ] GC(2) Concurrent Clear Claimed Marks 0.016ms
[2021-01-11T22:40:45.009+0500][gc,marking  ] GC(2) Concurrent Scan Root Regions
[2021-01-11T22:40:45.011+0500][gc,marking  ] GC(2) Concurrent Scan Root Regions 2.108ms
[2021-01-11T22:40:45.011+0500][gc,marking  ] GC(2) Concurrent Mark (1.354s)
[2021-01-11T22:40:45.011+0500][gc,marking  ] GC(2) Concurrent Mark From Roots
[2021-01-11T22:40:45.011+0500][gc,task     ] GC(2) Using 2 workers of 2 for marking
[2021-01-11T22:40:45.012+0500][gc,marking  ] GC(2) Concurrent Mark From Roots 0.819ms
[2021-01-11T22:40:45.012+0500][gc,marking  ] GC(2) Concurrent Preclean
[2021-01-11T22:40:45.012+0500][gc,marking  ] GC(2) Concurrent Preclean 0.024ms
[2021-01-11T22:40:45.012+0500][gc,marking  ] GC(2) Concurrent Mark (1.354s, 1.355s) 0.874ms
[2021-01-11T22:40:45.012+0500][gc,start    ] GC(2) Pause Remark
[2021-01-11T22:40:45.013+0500][gc          ] GC(2) Pause Remark 8M->8M(1024M) 0.656ms
[2021-01-11T22:40:45.013+0500][gc,cpu      ] GC(2) User=0.00s Sys=0.00s Real=0.00s
[2021-01-11T22:40:45.013+0500][gc,marking  ] GC(2) Concurrent Rebuild Remembered Sets
[2021-01-11T22:40:45.015+0500][gc,marking  ] GC(2) Concurrent Rebuild Remembered Sets 1.795ms
[2021-01-11T22:40:45.017+0500][gc,start    ] GC(2) Pause Cleanup
[2021-01-11T22:40:45.017+0500][gc          ] GC(2) Pause Cleanup 9M->9M(1024M) 0.138ms
[2021-01-11T22:40:45.017+0500][gc,cpu      ] GC(2) User=0.00s Sys=0.00s Real=0.00s
[2021-01-11T22:40:45.017+0500][gc,marking  ] GC(2) Concurrent Cleanup for Next Mark
[2021-01-11T22:40:45.023+0500][gc,marking  ] GC(2) Concurrent Cleanup for Next Mark 5.715ms
[2021-01-11T22:40:45.023+0500][gc          ] GC(2) Concurrent Cycle 14.384ms
[2021-01-11T22:40:45.958+0500][gc,start    ] GC(3) Pause Young (Normal) (G1 Evacuation Pause)
[2021-01-11T22:40:45.958+0500][gc,task     ] GC(3) Using 8 workers of 8 for evacuation
[2021-01-11T22:40:45.962+0500][gc,phases   ] GC(3)   Pre Evacuate Collection Set: 0.1ms
[2021-01-11T22:40:45.962+0500][gc,phases   ] GC(3)   Merge Heap Roots: 0.1ms
[2021-01-11T22:40:45.962+0500][gc,phases   ] GC(3)   Evacuate Collection Set: 3.3ms
[2021-01-11T22:40:45.962+0500][gc,phases   ] GC(3)   Post Evacuate Collection Set: 0.6ms
[2021-01-11T22:40:45.962+0500][gc,phases   ] GC(3)   Other: 0.2ms
[2021-01-11T22:40:45.962+0500][gc,heap     ] GC(3) Eden regions: 50->0(46)
[2021-01-11T22:40:45.962+0500][gc,heap     ] GC(3) Survivor regions: 1->5(7)
[2021-01-11T22:40:45.962+0500][gc,heap     ] GC(3) Old regions: 7->7
[2021-01-11T22:40:45.962+0500][gc,heap     ] GC(3) Archive regions: 2->2
[2021-01-11T22:40:45.962+0500][gc,heap     ] GC(3) Humongous regions: 129->129
[2021-01-11T22:40:45.962+0500][gc,metaspace] GC(3) Metaspace: 30723K(31612K)->30723K(31612K) NonClass: 27365K(28160K)->27365K(28160K) Class: 3357K(3452K)->3357K(3452K)
[2021-01-11T22:40:45.962+0500][gc          ] GC(3) Pause Young (Normal) (G1 Evacuation Pause) 187M->141M(1024M) 4.321ms
[2021-01-11T22:40:45.962+0500][gc,cpu      ] GC(3) User=0.03s Sys=0.00s Real=0.01s
[2021-01-11T22:40:46.171+0500][gc,start    ] GC(4) Pause Young (Concurrent Start) (Metadata GC Threshold)
[2021-01-11T22:40:46.171+0500][gc,task     ] GC(4) Using 8 workers of 8 for evacuation
[2021-01-11T22:40:46.177+0500][gc,phases   ] GC(4)   Pre Evacuate Collection Set: 0.1ms
[2021-01-11T22:40:46.177+0500][gc,phases   ] GC(4)   Merge Heap Roots: 0.1ms
[2021-01-11T22:40:46.177+0500][gc,phases   ] GC(4)   Evacuate Collection Set: 5.1ms
[2021-01-11T22:40:46.177+0500][gc,phases   ] GC(4)   Post Evacuate Collection Set: 0.5ms
[2021-01-11T22:40:46.177+0500][gc,phases   ] GC(4)   Other: 0.2ms
[2021-01-11T22:40:46.177+0500][gc,heap     ] GC(4) Eden regions: 19->0(49)
[2021-01-11T22:40:46.177+0500][gc,heap     ] GC(4) Survivor regions: 5->2(7)
[2021-01-11T22:40:46.177+0500][gc,heap     ] GC(4) Old regions: 7->12
[2021-01-11T22:40:46.177+0500][gc,heap     ] GC(4) Archive regions: 2->2
[2021-01-11T22:40:46.177+0500][gc,heap     ] GC(4) Humongous regions: 129->129
[2021-01-11T22:40:46.177+0500][gc,metaspace] GC(4) Metaspace: 34891K(35964K)->34891K(35964K) NonClass: 31110K(32000K)->31110K(32000K) Class: 3780K(3964K)->3780K(3964K)
[2021-01-11T22:40:46.177+0500][gc          ] GC(4) Pause Young (Concurrent Start) (Metadata GC Threshold) 159M->142M(1024M) 6.096ms
[2021-01-11T22:40:46.177+0500][gc,cpu      ] GC(4) User=0.03s Sys=0.01s Real=0.00s
[2021-01-11T22:40:46.177+0500][gc          ] GC(5) Concurrent Cycle
[2021-01-11T22:40:46.177+0500][gc,marking  ] GC(5) Concurrent Clear Claimed Marks
[2021-01-11T22:40:46.177+0500][gc,marking  ] GC(5) Concurrent Clear Claimed Marks 0.030ms
[2021-01-11T22:40:46.177+0500][gc,marking  ] GC(5) Concurrent Scan Root Regions
[2021-01-11T22:40:46.180+0500][gc,marking  ] GC(5) Concurrent Scan Root Regions 2.640ms
[2021-01-11T22:40:46.180+0500][gc,marking  ] GC(5) Concurrent Mark (2.523s)
[2021-01-11T22:40:46.180+0500][gc,marking  ] GC(5) Concurrent Mark From Roots
[2021-01-11T22:40:46.180+0500][gc,task     ] GC(5) Using 2 workers of 2 for marking
[2021-01-11T22:40:46.187+0500][gc,marking  ] GC(5) Concurrent Mark From Roots 7.136ms
[2021-01-11T22:40:46.187+0500][gc,marking  ] GC(5) Concurrent Preclean
[2021-01-11T22:40:46.187+0500][gc,marking  ] GC(5) Concurrent Preclean 0.113ms
[2021-01-11T22:40:46.187+0500][gc,marking  ] GC(5) Concurrent Mark (2.523s, 2.530s) 7.338ms
[2021-01-11T22:40:46.188+0500][gc,start    ] GC(5) Pause Remark
[2021-01-11T22:40:46.189+0500][gc          ] GC(5) Pause Remark 144M->144M(1024M) 1.357ms
[2021-01-11T22:40:46.189+0500][gc,cpu      ] GC(5) User=0.00s Sys=0.00s Real=0.00s
[2021-01-11T22:40:46.189+0500][gc,marking  ] GC(5) Concurrent Rebuild Remembered Sets
[2021-01-11T22:40:46.194+0500][gc,marking  ] GC(5) Concurrent Rebuild Remembered Sets 4.451ms
[2021-01-11T22:40:46.194+0500][gc,start    ] GC(5) Pause Cleanup
[2021-01-11T22:40:46.194+0500][gc          ] GC(5) Pause Cleanup 144M->144M(1024M) 0.183ms
[2021-01-11T22:40:46.194+0500][gc,cpu      ] GC(5) User=0.00s Sys=0.00s Real=0.00s
[2021-01-11T22:40:46.194+0500][gc,marking  ] GC(5) Concurrent Cleanup for Next Mark
[2021-01-11T22:40:46.200+0500][gc,marking  ] GC(5) Concurrent Cleanup for Next Mark 5.372ms
[2021-01-11T22:40:46.201+0500][gc          ] GC(5) Concurrent Cycle 23.220ms
[2021-01-11T22:53:46.342+0500][gc,start    ] GC(6) Pause Young (Normal) (G1 Evacuation Pause)
[2021-01-11T22:53:46.342+0500][gc,task     ] GC(6) Using 8 workers of 8 for evacuation
[2021-01-11T22:53:46.347+0500][gc,phases   ] GC(6)   Pre Evacuate Collection Set: 0.2ms
[2021-01-11T22:53:46.347+0500][gc,phases   ] GC(6)   Merge Heap Roots: 0.1ms
[2021-01-11T22:53:46.347+0500][gc,phases   ] GC(6)   Evacuate Collection Set: 3.2ms
[2021-01-11T22:53:46.347+0500][gc,phases   ] GC(6)   Post Evacuate Collection Set: 0.4ms
[2021-01-11T22:53:46.347+0500][gc,phases   ] GC(6)   Other: 0.3ms
[2021-01-11T22:53:46.347+0500][gc,heap     ] GC(6) Eden regions: 49->0(48)
[2021-01-11T22:53:46.347+0500][gc,heap     ] GC(6) Survivor regions: 2->3(7)
[2021-01-11T22:53:46.347+0500][gc,heap     ] GC(6) Old regions: 12->12
[2021-01-11T22:53:46.347+0500][gc,heap     ] GC(6) Archive regions: 2->2
[2021-01-11T22:53:46.347+0500][gc,heap     ] GC(6) Humongous regions: 135->129
[2021-01-11T22:53:46.347+0500][gc,metaspace] GC(6) Metaspace: 38562K(39804K)->38562K(39804K) NonClass: 34298K(35328K)->34298K(35328K) Class: 4264K(4476K)->4264K(4476K)
[2021-01-11T22:53:46.347+0500][gc          ] GC(6) Pause Young (Normal) (G1 Evacuation Pause) 197M->143M(1024M) 4.371ms
[2021-01-11T22:53:46.347+0500][gc,cpu      ] GC(6) User=0.03s Sys=0.00s Real=0.00s
[2021-01-12T07:28:39.443+0500][gc,start    ] GC(7) Pause Young (Normal) (G1 Evacuation Pause)
[2021-01-12T07:28:39.443+0500][gc,task     ] GC(7) Using 8 workers of 8 for evacuation
[2021-01-12T07:28:39.535+0500][gc,mmu      ] GC(7) MMU target violated: 21.0ms (20.0ms/21.0ms)
[2021-01-12T07:28:39.535+0500][gc,phases   ] GC(7)   Pre Evacuate Collection Set: 12.9ms
[2021-01-12T07:28:39.535+0500][gc,phases   ] GC(7)   Merge Heap Roots: 2.8ms
[2021-01-12T07:28:39.535+0500][gc,phases   ] GC(7)   Evacuate Collection Set: 72.2ms
[2021-01-12T07:28:39.535+0500][gc,phases   ] GC(7)   Post Evacuate Collection Set: 2.2ms
[2021-01-12T07:28:39.535+0500][gc,phases   ] GC(7)   Other: 2.5ms
[2021-01-12T07:28:39.535+0500][gc,heap     ] GC(7) Eden regions: 48->0(48)
[2021-01-12T07:28:39.535+0500][gc,heap     ] GC(7) Survivor regions: 3->3(7)
[2021-01-12T07:28:39.535+0500][gc,heap     ] GC(7) Old regions: 12->12
[2021-01-12T07:28:39.535+0500][gc,heap     ] GC(7) Archive regions: 2->2
[2021-01-12T07:28:39.535+0500][gc,heap     ] GC(7) Humongous regions: 129->129
[2021-01-12T07:28:39.536+0500][gc,metaspace] GC(7) Metaspace: 38740K(40060K)->38740K(40060K) NonClass: 34476K(35584K)->34476K(35584K) Class: 4264K(4476K)->4264K(4476K)
[2021-01-12T07:28:39.536+0500][gc          ] GC(7) Pause Young (Normal) (G1 Evacuation Pause) 191M->144M(1024M) 93.011ms
[2021-01-12T07:28:39.536+0500][gc,cpu      ] GC(7) User=0.04s Sys=0.07s Real=0.09s
[2021-01-12T08:30:14.497+0500][gc,start    ] GC(8) Pause Young (Normal) (G1 Evacuation Pause)
[2021-01-12T08:30:14.497+0500][gc,task     ] GC(8) Using 8 workers of 8 for evacuation
[2021-01-12T08:30:14.501+0500][gc,phases   ] GC(8)   Pre Evacuate Collection Set: 0.2ms
[2021-01-12T08:30:14.502+0500][gc,phases   ] GC(8)   Merge Heap Roots: 0.1ms
[2021-01-12T08:30:14.502+0500][gc,phases   ] GC(8)   Evacuate Collection Set: 3.2ms
[2021-01-12T08:30:14.502+0500][gc,phases   ] GC(8)   Post Evacuate Collection Set: 0.6ms
[2021-01-12T08:30:14.502+0500][gc,phases   ] GC(8)   Other: 0.2ms
[2021-01-12T08:30:14.502+0500][gc,heap     ] GC(8) Eden regions: 48->0(48)
[2021-01-12T08:30:14.502+0500][gc,heap     ] GC(8) Survivor regions: 3->3(7)
[2021-01-12T08:30:14.502+0500][gc,heap     ] GC(8) Old regions: 12->12
[2021-01-12T08:30:14.502+0500][gc,heap     ] GC(8) Archive regions: 2->2
[2021-01-12T08:30:14.502+0500][gc,heap     ] GC(8) Humongous regions: 129->129
[2021-01-12T08:30:14.502+0500][gc,metaspace] GC(8) Metaspace: 38870K(40060K)->38870K(40060K) NonClass: 34597K(35584K)->34597K(35584K) Class: 4273K(4476K)->4273K(4476K)
[2021-01-12T08:30:14.502+0500][gc          ] GC(8) Pause Young (Normal) (G1 Evacuation Pause) 192M->144M(1024M) 4.429ms
[2021-01-12T08:30:14.502+0500][gc,cpu      ] GC(8) User=0.02s Sys=0.00s Real=0.01s
