[2021-01-09T15:16:59.306+0500][gc] Using G1
[2021-01-09T15:16:59.310+0500][gc,init] Version: 15.0.1+9-18 (release)
[2021-01-09T15:16:59.310+0500][gc,init] CPUs: 8 total, 8 available
[2021-01-09T15:16:59.310+0500][gc,init] Memory: 16384M
[2021-01-09T15:16:59.310+0500][gc,init] Large Page Support: Disabled
[2021-01-09T15:16:59.310+0500][gc,init] NUMA Support: Disabled
[2021-01-09T15:16:59.310+0500][gc,init] Compressed Oops: Enabled (Zero based)
[2021-01-09T15:16:59.310+0500][gc,init] Heap Region Size: 1M
[2021-01-09T15:16:59.310+0500][gc,init] Heap Min Capacity: 512M
[2021-01-09T15:16:59.310+0500][gc,init] Heap Initial Capacity: 512M
[2021-01-09T15:16:59.310+0500][gc,init] Heap Max Capacity: 512M
[2021-01-09T15:16:59.310+0500][gc,init] Pre-touch: Disabled
[2021-01-09T15:16:59.310+0500][gc,init] Parallel Workers: 8
[2021-01-09T15:16:59.310+0500][gc,init] Concurrent Workers: 2
[2021-01-09T15:16:59.310+0500][gc,init] Concurrent Refinement Workers: 8
[2021-01-09T15:16:59.310+0500][gc,init] Periodic GC: Disabled
[2021-01-09T15:16:59.311+0500][gc,cds ] Mark closed archive regions in map: [0x00000007fff00000, 0x00000007fff78ff8]
[2021-01-09T15:16:59.311+0500][gc,cds ] Mark open archive regions in map: [0x00000007ffe00000, 0x00000007ffe50ff8]
[2021-01-09T15:16:59.311+0500][gc,metaspace] CDS archive(s) mapped at: [0x0000000800000000-0x0000000800b2c000-0x0000000800b2c000), size 11714560, SharedBaseAddress: 0x0000000800000000, ArchiveRelocationMode: 0.
[2021-01-09T15:16:59.311+0500][gc,metaspace] Compressed class space mapped at: 0x0000000800b2c000-0x0000000840b2c000, size: 1073741824
[2021-01-09T15:16:59.311+0500][gc,metaspace] Narrow klass base: 0x0000000800000000, Narrow klass shift: 3, Narrow klass range: 0x100000000
[2021-01-09T15:18:09.466+0500][gc,start    ] GC(0) Pause Young (Normal) (G1 Evacuation Pause)
[2021-01-09T15:18:09.468+0500][gc,task     ] GC(0) Using 8 workers of 8 for evacuation
[2021-01-09T15:18:09.474+0500][gc,phases   ] GC(0)   Pre Evacuate Collection Set: 0.1ms
[2021-01-09T15:18:09.474+0500][gc,phases   ] GC(0)   Merge Heap Roots: 0.1ms
[2021-01-09T15:18:09.474+0500][gc,phases   ] GC(0)   Evacuate Collection Set: 3.9ms
[2021-01-09T15:18:09.474+0500][gc,phases   ] GC(0)   Post Evacuate Collection Set: 0.4ms
[2021-01-09T15:18:09.474+0500][gc,phases   ] GC(0)   Other: 2.8ms
[2021-01-09T15:18:09.474+0500][gc,heap     ] GC(0) Eden regions: 25->0(21)
[2021-01-09T15:18:09.474+0500][gc,heap     ] GC(0) Survivor regions: 0->4(4)
[2021-01-09T15:18:09.474+0500][gc,heap     ] GC(0) Old regions: 0->2
[2021-01-09T15:18:09.474+0500][gc,heap     ] GC(0) Archive regions: 2->2
[2021-01-09T15:18:09.474+0500][gc,heap     ] GC(0) Humongous regions: 0->0
[2021-01-09T15:18:09.474+0500][gc,metaspace] GC(0) Metaspace: 7439K(7936K)->7439K(7936K) NonClass: 6595K(6912K)->6595K(6912K) Class: 843K(1024K)->843K(1024K)
[2021-01-09T15:18:09.474+0500][gc          ] GC(0) Pause Young (Normal) (G1 Evacuation Pause) 25M->6M(512M) 7.507ms
[2021-01-09T15:18:09.474+0500][gc,cpu      ] GC(0) User=0.01s Sys=0.01s Real=0.01s
[2021-01-10T12:35:05.837+0500][gc,start    ] GC(1) Pause Young (Normal) (G1 Evacuation Pause)
[2021-01-10T12:35:05.839+0500][gc,task     ] GC(1) Using 8 workers of 8 for evacuation
[2021-01-10T12:35:05.866+0500][gc,mmu      ] GC(1) MMU target violated: 21.0ms (20.0ms/21.0ms)
[2021-01-10T12:35:05.867+0500][gc,phases   ] GC(1)   Pre Evacuate Collection Set: 3.4ms
[2021-01-10T12:35:05.867+0500][gc,phases   ] GC(1)   Merge Heap Roots: 0.3ms
[2021-01-10T12:35:05.867+0500][gc,phases   ] GC(1)   Evacuate Collection Set: 16.9ms
[2021-01-10T12:35:05.867+0500][gc,phases   ] GC(1)   Post Evacuate Collection Set: 2.2ms
[2021-01-10T12:35:05.867+0500][gc,phases   ] GC(1)   Other: 12.0ms
[2021-01-10T12:35:05.867+0500][gc,heap     ] GC(1) Eden regions: 21->0(24)
[2021-01-10T12:35:05.867+0500][gc,heap     ] GC(1) Survivor regions: 4->1(4)
[2021-01-10T12:35:05.867+0500][gc,heap     ] GC(1) Old regions: 2->6
[2021-01-10T12:35:05.867+0500][gc,heap     ] GC(1) Archive regions: 2->2
[2021-01-10T12:35:05.867+0500][gc,heap     ] GC(1) Humongous regions: 0->0
[2021-01-10T12:35:05.868+0500][gc,metaspace] GC(1) Metaspace: 8193K(8448K)->8193K(8448K) NonClass: 7332K(7424K)->7332K(7424K) Class: 860K(1024K)->860K(1024K)
[2021-01-10T12:35:05.868+0500][gc          ] GC(1) Pause Young (Normal) (G1 Evacuation Pause) 27M->6M(512M) 31.514ms
[2021-01-10T12:35:05.868+0500][gc,cpu      ] GC(1) User=0.02s Sys=0.08s Real=0.03s
[2021-01-10T22:47:18.198+0500][gc,start    ] GC(2) Pause Young (Normal) (G1 Evacuation Pause)
[2021-01-10T22:47:18.203+0500][gc,task     ] GC(2) Using 8 workers of 8 for evacuation
[2021-01-10T22:47:18.212+0500][gc,phases   ] GC(2)   Pre Evacuate Collection Set: 1.8ms
[2021-01-10T22:47:18.212+0500][gc,phases   ] GC(2)   Merge Heap Roots: 0.2ms
[2021-01-10T22:47:18.212+0500][gc,phases   ] GC(2)   Evacuate Collection Set: 5.5ms
[2021-01-10T22:47:18.212+0500][gc,phases   ] GC(2)   Post Evacuate Collection Set: 0.5ms
[2021-01-10T22:47:18.212+0500][gc,phases   ] GC(2)   Other: 6.0ms
[2021-01-10T22:47:18.212+0500][gc,heap     ] GC(2) Eden regions: 24->0(24)
[2021-01-10T22:47:18.212+0500][gc,heap     ] GC(2) Survivor regions: 1->1(4)
[2021-01-10T22:47:18.212+0500][gc,heap     ] GC(2) Old regions: 6->6
[2021-01-10T22:47:18.212+0500][gc,heap     ] GC(2) Archive regions: 2->2
[2021-01-10T22:47:18.212+0500][gc,heap     ] GC(2) Humongous regions: 0->0
[2021-01-10T22:47:18.212+0500][gc,metaspace] GC(2) Metaspace: 8193K(8448K)->8193K(8448K) NonClass: 7332K(7424K)->7332K(7424K) Class: 860K(1024K)->860K(1024K)
[2021-01-10T22:47:18.212+0500][gc          ] GC(2) Pause Young (Normal) (G1 Evacuation Pause) 30M->6M(512M) 14.152ms
[2021-01-10T22:47:18.212+0500][gc,cpu      ] GC(2) User=0.00s Sys=0.03s Real=0.02s
[2021-01-11T09:24:45.780+0500][gc,start    ] GC(3) Pause Young (Normal) (G1 Evacuation Pause)
[2021-01-11T09:24:45.780+0500][gc,task     ] GC(3) Using 8 workers of 8 for evacuation
[2021-01-11T09:24:45.783+0500][gc,phases   ] GC(3)   Pre Evacuate Collection Set: 0.2ms
[2021-01-11T09:24:45.783+0500][gc,phases   ] GC(3)   Merge Heap Roots: 0.1ms
[2021-01-11T09:24:45.783+0500][gc,phases   ] GC(3)   Evacuate Collection Set: 1.6ms
[2021-01-11T09:24:45.783+0500][gc,phases   ] GC(3)   Post Evacuate Collection Set: 0.4ms
[2021-01-11T09:24:45.783+0500][gc,phases   ] GC(3)   Other: 6.5ms
[2021-01-11T09:24:45.783+0500][gc,heap     ] GC(3) Eden regions: 24->0(24)
[2021-01-11T09:24:45.783+0500][gc,heap     ] GC(3) Survivor regions: 1->1(4)
[2021-01-11T09:24:45.783+0500][gc,heap     ] GC(3) Old regions: 6->6
[2021-01-11T09:24:45.783+0500][gc,heap     ] GC(3) Archive regions: 2->2
[2021-01-11T09:24:45.783+0500][gc,heap     ] GC(3) Humongous regions: 0->0
[2021-01-11T09:24:45.783+0500][gc,metaspace] GC(3) Metaspace: 8198K(8448K)->8198K(8448K) NonClass: 7338K(7424K)->7338K(7424K) Class: 860K(1024K)->860K(1024K)
[2021-01-11T09:24:45.783+0500][gc          ] GC(3) Pause Young (Normal) (G1 Evacuation Pause) 30M->6M(512M) 3.000ms
[2021-01-11T09:24:45.783+0500][gc,cpu      ] GC(3) User=0.01s Sys=0.00s Real=0.00s
[2021-01-11T14:09:43.643+0500][gc,heap,exit] Heap
[2021-01-11T14:09:43.644+0500][gc,heap,exit]  garbage-first heap   total 524288K, used 17959K [0x00000007e0000000, 0x0000000800000000)
[2021-01-11T14:09:43.644+0500][gc,heap,exit]   region size 1024K, 13 young (13312K), 1 survivors (1024K)
[2021-01-11T14:09:43.644+0500][gc,heap,exit]  Metaspace       used 8206K, capacity 8344K, committed 8704K, reserved 1056768K
[2021-01-11T14:09:43.644+0500][gc,heap,exit]   class space    used 860K, capacity 896K, committed 1024K, reserved 1048576K
